// Jest Snapshot v1, https://goo.gl/fbAQLP

exports[`renders correctly 1`] = `
<section
  className="sc-AxhUy bENDPn"
>
  <h2>
    Datensätze
  </h2>
  <a
    href="/datensaetze/Arbeitslosigkeit-Kiel-1"
    onClick={[Function]}
  >
    <article
      className="sc-AxirZ bMOfdg"
    >
      <img
        className="sc-AxjAm dqGSZK"
        src="https://images.unsplash.com/photo-1529400971008-f566de0e6dfc?ixlib=rb-1.2.1&ixid=eyJhcHBfaWQiOjEyMDd9&auto=format&fit=crop&w=800&q=80"
      />
      <h3
        className="sc-AxiKw kaYFBU"
      >
        Arbeitslosigkeit Kiel
      </h3>
      <p
        className="sc-AxhCb gIDQGb"
      >
        Arbeitslosigkeit in Kiel absolut und relativ seit 2009.
      </p>
    </article>
  </a>
  <a
    href="/datensaetze/Badegewässer-Messungen-2"
    onClick={[Function]}
  >
    <article
      className="sc-AxirZ bMOfdg"
    >
      <img
        className="sc-AxjAm dqGSZK"
        src="https://images.unsplash.com/photo-1527694545342-6176693ca513?ixlib=rb-1.2.1&ixid=eyJhcHBfaWQiOjEyMDd9&auto=format&fit=crop&w=800&q=60"
      />
      <h3
        className="sc-AxiKw kaYFBU"
      >
        Badegewässer Messungen
      </h3>
      <p
        className="sc-AxhCb gIDQGb"
      >
        Messungen der Badegewässerqualität in Schleswig Holstein.
      </p>
    </article>
  </a>
</section>
`;
