// Jest Snapshot v1, https://goo.gl/fbAQLP

exports[`renders correctly 1`] = `
<article
  className="sc-AxirZ bMOfdg"
>
  <img
    className="sc-AxjAm dqGSZK"
    src="/Users/student/neuefische/data-hub-nord/src/images/sea.jpg"
  />
  <h3
    className="sc-AxiKw kaYFBU"
  >
    Seehundbänke an der Nordsee
  </h3>
  <p
    className="sc-AxhCb gIDQGb"
  >
    Lage der Seehundbänke in der westlichen Deutschen Bucht erfasst dur...
  </p>
</article>
`;
