// Jest Snapshot v1, https://goo.gl/fbAQLP

exports[`renders correctly 1`] = `
<section
  className="sc-AxirZ dwIUgl"
>
  <h1
    className="sc-AxiKw gshFvr"
  >
    Entdecke Open Data in Norddeutschland
  </h1>
  <h2
    className="sc-AxhCb iupUPJ"
  >
    Visualisierung und Zugang zu den wichtigsten Daten
  </h2>
  <button
    className="sc-AxjAm faIUmi"
    color="#e63946"
    onClick={[Function]}
  >
    Daten anzeigen
  </button>
</section>
`;
