// Jest Snapshot v1, https://goo.gl/fbAQLP

exports[`renders correctly 1`] = `
Array [
  <h2
    className="sc-iCoHVE pBahF"
  />,
  <section
    className="sc-gKAblj dzbQLo"
  >
    <a
      href="/datensaetze/1"
      onClick={[Function]}
    >
      <article
        className="sc-bdnylx ccOnhP"
      >
        <h3
          className="sc-gtssRu cyIxrX"
        >
          Arbeitslosigkeit Kiel
        </h3>
        <hr />
        <p
          className="sc-dlnjPT hCTrCU"
        >
          Arbeitslosigkeit in Kiel absolut und relativ seit 2009.
        </p>
      </article>
    </a>
    <a
      href="/datensaetze/2"
      onClick={[Function]}
    >
      <article
        className="sc-bdnylx ccOnhP"
      >
        <h3
          className="sc-gtssRu cyIxrX"
        >
          Badegewässer Messungen
        </h3>
        <hr />
        <p
          className="sc-dlnjPT hCTrCU"
        >
          Messungen der Badegewässerqualität in Schleswig Holstein.
        </p>
      </article>
    </a>
  </section>,
]
`;
