// Jest Snapshot v1, https://goo.gl/fbAQLP

exports[`renders correctly 1`] = `
<article
  className="sc-gtssRu bWMiMC"
>
  <img
    className="sc-bdnylx bcvmRr"
    src="/Users/student/neuefische/data-hub-nord/src/images/sea.jpg"
  />
  <h3
    className="sc-dlnjPT kWuYff"
  >
    Seehundbänke an der Nordsee
  </h3>
  <p
    className="sc-hKFyIo dpTMVq"
  >
    Lage der Seehundbänke in der westlichen Deutschen Bucht erfasst dur...
  </p>
</article>
`;
