// Jest Snapshot v1, https://goo.gl/fbAQLP

exports[`renders datasetdetails component 1`] = `
<main>
  <div
    className="sc-fujyUd fVnioi"
  >
    <img
      className="sc-jSFkmK jYZvVE"
      src="https://images.unsplash.com/photo-1529400971008-f566de0e6dfc?ixlib=rb-1.2.1&ixid=eyJhcHBfaWQiOjEyMDd9&auto=format&fit=crop&w=800&q=80"
    />
    <h1
      className="sc-pNWxx fuBrjA"
    >
      Arbeitslosigkeit Kiel
    </h1>
    <p
      className="sc-iqAbSa HcJut"
    >
      Arbeitslosigkeit in Kiel absolut und relativ seit 2009.
    </p>
    <br />
    <h3
      className="sc-kEqYlL bmweQA"
    >
      Lizenz
    </h3>
    <p
      className="sc-iqAbSa HcJut"
    >
      Datenlizenz Deutschland – Zero – Version 2.0
    </p>
    <br />
    <h3
      className="sc-kEqYlL bmweQA"
    >
      Herausgeber
    </h3>
    <p
      className="sc-iqAbSa HcJut"
    >
      Landeshauptstadt Kiel
    </p>
  </div>
  <h2
    className="sc-jrsJCI iqRzQQ"
  >
    Tabelle
  </h2>
  <div
    className="sc-gKAblj faHvZr"
  >
    <span
      className="sc-iCoHVE jvpFBG"
    />
    <span
      className="sc-iCoHVE jvpFBG"
    />
    <span
      className="sc-iCoHVE jvpFBG"
    />
  </div>
</main>
`;
