// Jest Snapshot v1, https://goo.gl/fbAQLP

exports[`renders datasetdetails component 1`] = `
<main>
  <div
    className="sc-gKAblj dKKais"
  >
    <img
      className="sc-jSFkmK jYZvVE"
      src="https://images.unsplash.com/photo-1529400971008-f566de0e6dfc?ixlib=rb-1.2.1&ixid=eyJhcHBfaWQiOjEyMDd9&auto=format&fit=crop&w=800&q=80"
    />
    <h1
      className="sc-iCoHVE fgRlSj"
    >
      Arbeitslosigkeit Kiel
    </h1>
    <p
      className="sc-jrsJCI bRlGCH"
    >
      Arbeitslosigkeit in Kiel absolut und relativ seit 2009.
    </p>
    <br />
    <h3
      className="sc-pNWxx kjCQZr"
    >
      Lizenz
    </h3>
    <p
      className="sc-jrsJCI bRlGCH"
    >
      Datenlizenz Deutschland – Zero – Version 2.0
    </p>
    <br />
    <h3
      className="sc-pNWxx kjCQZr"
    >
      Herausgeber
    </h3>
    <p
      className="sc-jrsJCI bRlGCH"
    >
      Landeshauptstadt Kiel
    </p>
  </div>
  <h2
    className="sc-fujyUd aOuoG"
  >
    Tabelle
  </h2>
  <div
    className="sc-bdnylx gjZBxZ"
  >
    <div
      className="sc-hKFyIo gakfMz"
    />
    <table
      className="sc-gtssRu fqCqnt"
    >
      <thead
        className="sc-dlnjPT koJOjy"
      >
        <tr />
      </thead>
      <tbody
        className="sc-eCApGN cShEZD"
      />
    </table>
  </div>
</main>
`;
