// Jest Snapshot v1, https://goo.gl/fbAQLP

exports[`renders correctly 1`] = `
<article
  className="sc-bdnylx ccOnhP"
>
  <h3
    className="sc-gtssRu cyIxrX"
  >
    Seehundbänke an der Nordsee
  </h3>
  <p
    className="sc-dlnjPT hCTrCU"
  >
    Lage der Seehundbänke in der westlichen Deutschen Bucht erfasst dur...
  </p>
</article>
`;
