// Jest Snapshot v1, https://goo.gl/fbAQLP

exports[`renders table component 1`] = `
<div
  className="sc-bdnylx gjZBxZ"
>
  <div
    className="sc-hKFyIo gakfMz"
  />
  <table
    className="sc-gtssRu fqCqnt"
  >
    <thead
      className="sc-dlnjPT koJOjy"
    >
      <tr>
        <td>
          Land
        </td>
        <td>
          Stadt
        </td>
        <td>
          Kategorie
        </td>
        <td>
          Merkmal
        </td>
        <td>
          Jahr
        </td>
        <td>
          Unterbschäftigte
        </td>
        <td>
          Unterbschäftigtenquote
        </td>
      </tr>
    </thead>
    <tbody
      className="sc-eCApGN cShEZD"
    >
      <tr>
        <td>
            de-sh
        </td>
        <td>
          Kiel
        </td>
        <td>
          wirtschaft_arbeit
        </td>
        <td>
          Unterbeschäftigung
        </td>
        <td>
          2009
        </td>
        <td>
          18918
        </td>
        <td>
          15,1
        </td>
      </tr>
      <tr>
        <td>
            de-sh
        </td>
        <td>
          Kiel
        </td>
        <td>
          wirtschaft_arbeit
        </td>
        <td>
          Unterbeschäftigung
        </td>
        <td>
          2010
        </td>
        <td>
          18414
        </td>
        <td>
          14,4
        </td>
      </tr>
      <tr>
        <td>
            de-sh
        </td>
        <td>
          Kiel
        </td>
        <td>
          wirtschaft_arbeit
        </td>
        <td>
          Unterbeschäftigung
        </td>
        <td>
          2011
        </td>
        <td>
          18469
        </td>
        <td>
          14,6
        </td>
      </tr>
      <tr>
        <td>
            de-sh
        </td>
        <td>
          Kiel
        </td>
        <td>
          wirtschaft_arbeit
        </td>
        <td>
          Unterbeschäftigung
        </td>
        <td>
          2012
        </td>
        <td>
          17565
        </td>
        <td>
          13,5
        </td>
      </tr>
      <tr>
        <td>
            de-sh
        </td>
        <td>
          Kiel
        </td>
        <td>
          wirtschaft_arbeit
        </td>
        <td>
          Unterbeschäftigung
        </td>
        <td>
          2013
        </td>
        <td>
          17457
        </td>
        <td>
          13,2
        </td>
      </tr>
      <tr>
        <td>
            de-sh
        </td>
        <td>
          Kiel
        </td>
        <td>
          wirtschaft_arbeit
        </td>
        <td>
          Unterbeschäftigung
        </td>
        <td>
          2014
        </td>
        <td>
          17468
        </td>
        <td>
          13
        </td>
      </tr>
      <tr>
        <td>
            de-sh
        </td>
        <td>
          Kiel
        </td>
        <td>
          wirtschaft_arbeit
        </td>
        <td>
          Unterbeschäftigung
        </td>
        <td>
          2015
        </td>
        <td>
          17278
        </td>
        <td>
          12,7
        </td>
      </tr>
      <tr>
        <td>
            de-sh
        </td>
        <td>
          Kiel
        </td>
        <td>
          wirtschaft_arbeit
        </td>
        <td>
          Unterbeschäftigung
        </td>
        <td>
          2016
        </td>
        <td>
          18633
        </td>
        <td>
          13,5
        </td>
      </tr>
      <tr>
        <td>
            de-sh
        </td>
        <td>
          Kiel
        </td>
        <td>
          wirtschaft_arbeit
        </td>
        <td>
          Unterbeschäftigung
        </td>
        <td>
          2017
        </td>
        <td>
          17496
        </td>
        <td>
          12,3
        </td>
      </tr>
      <tr>
        <td>
            de-sh
        </td>
        <td>
          Kiel
        </td>
        <td>
          wirtschaft_arbeit
        </td>
        <td>
          Unterbeschäftigung
        </td>
        <td>
          2018
        </td>
        <td>
          16608
        </td>
        <td>
          11,5
        </td>
      </tr>
      <tr>
        <td>
            de-sh
        </td>
        <td>
          Kiel
        </td>
        <td>
          wirtschaft_arbeit
        </td>
        <td>
          Unterbeschäftigung
        </td>
        <td>
          2019
        </td>
        <td>
          15453
        </td>
        <td>
          10,8
        </td>
      </tr>
    </tbody>
  </table>
</div>
`;
