// Jest Snapshot v1, https://goo.gl/fbAQLP

exports[`renders correctly 1`] = `
<section
  className="sc-hKFyIo TUofY"
>
  <h1
    className="sc-eCApGN hgkWgH"
  >
    Entdecke Open Data in Norddeutschland
  </h1>
  <h2
    className="sc-jSFkmK gQlegJ"
  >
    Visualisierung und Zugang zu den wichtigsten Daten
  </h2>
  <button
    className="sc-dlnjPT cSgLtP"
    onClick={[Function]}
  >
    Daten anzeigen
  </button>
</section>
`;
